// Jest Snapshot v1, https://goo.gl/fbAQLP

exports[`StyledError renders correctly 1`] = `
.c0 {
  color: white;
  font-size: 48px;
  text-align: center;
  padding: 24px;
}

<h1
  className="c0"
>
  Error Message
</h1>
`;
