// Jest Snapshot v1, https://goo.gl/fbAQLP

exports[`StyledError renders correctly 1`] = `
.c0 {
  padding: 16px 16px 16px 60px;
  margin: 48px auto;
  border: none;
  background: rgba(0,0,0,0.2);
  box-shadow: inset 0 -2px 1px rgba(0,0,0,0.03);
  color: white;
  display: block;
  outline: none;
}

<input
  className="c0"
>
  Error Message
</input>
`;
